[2026-05-15T10:00:00.745+0000] {taskinstance.py:1956} INFO - Dependencies all met for dep_context=non-requeueable deps ti=<TaskInstance: hn_pipeline.ingest_hn_to_kafka scheduled__2026-05-15T09:00:00+00:00 [queued]>
[2026-05-15T10:00:00.748+0000] {taskinstance.py:1956} INFO - Dependencies all met for dep_context=requeueable deps ti=<TaskInstance: hn_pipeline.ingest_hn_to_kafka scheduled__2026-05-15T09:00:00+00:00 [queued]>
[2026-05-15T10:00:00.749+0000] {taskinstance.py:2170} INFO - Starting attempt 1 of 2
[2026-05-15T10:00:00.754+0000] {taskinstance.py:2191} INFO - Executing <Task(PythonOperator): ingest_hn_to_kafka> on 2026-05-15 09:00:00+00:00
[2026-05-15T10:00:00.756+0000] {standard_task_runner.py:60} INFO - Started process 583 to run task
[2026-05-15T10:00:00.760+0000] {standard_task_runner.py:87} INFO - Running: ['***', 'tasks', 'run', 'hn_pipeline', 'ingest_hn_to_kafka', 'scheduled__2026-05-15T09:00:00+00:00', '--job-id', '8', '--raw', '--subdir', 'DAGS_FOLDER/hn_pipeline_dag.py', '--cfg-path', '/tmp/tmp10533tol']
[2026-05-15T10:00:00.762+0000] {standard_task_runner.py:88} INFO - Job 8: Subtask ingest_hn_to_kafka
[2026-05-15T10:00:00.788+0000] {task_command.py:423} INFO - Running <TaskInstance: hn_pipeline.ingest_hn_to_kafka scheduled__2026-05-15T09:00:00+00:00 [running]> on host d00d39f74813
[2026-05-15T10:00:00.826+0000] {taskinstance.py:2480} INFO - Exporting env vars: AIRFLOW_CTX_DAG_OWNER='rajwinder' AIRFLOW_CTX_DAG_ID='hn_pipeline' AIRFLOW_CTX_TASK_ID='ingest_hn_to_kafka' AIRFLOW_CTX_EXECUTION_DATE='2026-05-15T09:00:00+00:00' AIRFLOW_CTX_TRY_NUMBER='1' AIRFLOW_CTX_DAG_RUN_ID='scheduled__2026-05-15T09:00:00+00:00'
[2026-05-15T10:00:00.921+0000] {conn.py:1530} WARNING - DNS lookup failed for kafka:29092, exception was [Errno -2] Name or service not known. Is your advertised.listeners (called advertised.host.name before Kafka 9) correct and resolvable?
[2026-05-15T10:00:00.921+0000] {conn.py:323} ERROR - <BrokerConnection client_id=kafka-python-producer-1, node_id=bootstrap-0 host=kafka:29092 <connecting> [unspecified None]>: DNS lookup failed for kafka:29092 (0)
[2026-05-15T10:00:00.922+0000] {conn.py:951} ERROR - <BrokerConnection client_id=kafka-python-producer-1, node_id=bootstrap-0 host=kafka:29092 <connecting> [unspecified None]>: Closing connection. KafkaConnectionError: DNS failure
[2026-05-15T10:00:00.922+0000] {client_async.py:1051} WARNING - No node available during check_version; sleeping 0.04 secs
[2026-05-15T10:00:00.967+0000] {conn.py:1530} WARNING - DNS lookup failed for kafka:29092, exception was [Errno -2] Name or service not known. Is your advertised.listeners (called advertised.host.name before Kafka 9) correct and resolvable?
[2026-05-15T10:00:00.968+0000] {conn.py:323} ERROR - <BrokerConnection client_id=kafka-python-producer-1, node_id=bootstrap-0 host=kafka:29092 <connecting> [unspecified None]>: DNS lookup failed for kafka:29092 (0)
[2026-05-15T10:00:00.968+0000] {conn.py:951} ERROR - <BrokerConnection client_id=kafka-python-producer-1, node_id=bootstrap-0 host=kafka:29092 <connecting> [unspecified None]>: Closing connection. KafkaConnectionError: DNS failure
[2026-05-15T10:00:00.968+0000] {client_async.py:1051} WARNING - No node available during check_version; sleeping 0.08 secs
[2026-05-15T10:00:01.054+0000] {conn.py:1530} WARNING - DNS lookup failed for kafka:29092, exception was [Errno -2] Name or service not known. Is your advertised.listeners (called advertised.host.name before Kafka 9) correct and resolvable?
[2026-05-15T10:00:01.054+0000] {conn.py:323} ERROR - <BrokerConnection client_id=kafka-python-producer-1, node_id=bootstrap-0 host=kafka:29092 <connecting> [unspecified None]>: DNS lookup failed for kafka:29092 (0)
[2026-05-15T10:00:01.054+0000] {conn.py:951} ERROR - <BrokerConnection client_id=kafka-python-producer-1, node_id=bootstrap-0 host=kafka:29092 <connecting> [unspecified None]>: Closing connection. KafkaConnectionError: DNS failure
[2026-05-15T10:00:01.055+0000] {client_async.py:1051} WARNING - No node available during check_version; sleeping 0.22 secs
[2026-05-15T10:00:01.286+0000] {conn.py:1530} WARNING - DNS lookup failed for kafka:29092, exception was [Errno -2] Name or service not known. Is your advertised.listeners (called advertised.host.name before Kafka 9) correct and resolvable?
[2026-05-15T10:00:01.288+0000] {conn.py:323} ERROR - <BrokerConnection client_id=kafka-python-producer-1, node_id=bootstrap-0 host=kafka:29092 <connecting> [unspecified None]>: DNS lookup failed for kafka:29092 (0)
[2026-05-15T10:00:01.289+0000] {conn.py:951} ERROR - <BrokerConnection client_id=kafka-python-producer-1, node_id=bootstrap-0 host=kafka:29092 <connecting> [unspecified None]>: Closing connection. KafkaConnectionError: DNS failure
[2026-05-15T10:00:01.290+0000] {client_async.py:1051} WARNING - No node available during check_version; sleeping 0.35 secs
[2026-05-15T10:00:01.651+0000] {conn.py:1530} WARNING - DNS lookup failed for kafka:29092, exception was [Errno -2] Name or service not known. Is your advertised.listeners (called advertised.host.name before Kafka 9) correct and resolvable?
[2026-05-15T10:00:01.652+0000] {conn.py:323} ERROR - <BrokerConnection client_id=kafka-python-producer-1, node_id=bootstrap-0 host=kafka:29092 <connecting> [unspecified None]>: DNS lookup failed for kafka:29092 (0)
[2026-05-15T10:00:01.653+0000] {conn.py:951} ERROR - <BrokerConnection client_id=kafka-python-producer-1, node_id=bootstrap-0 host=kafka:29092 <connecting> [unspecified None]>: Closing connection. KafkaConnectionError: DNS failure
[2026-05-15T10:00:01.655+0000] {client_async.py:1051} WARNING - No node available during check_version; sleeping 0.93 secs
[2026-05-15T10:00:02.593+0000] {conn.py:1530} WARNING - DNS lookup failed for kafka:29092, exception was [Errno -2] Name or service not known. Is your advertised.listeners (called advertised.host.name before Kafka 9) correct and resolvable?
[2026-05-15T10:00:02.595+0000] {conn.py:323} ERROR - <BrokerConnection client_id=kafka-python-producer-1, node_id=bootstrap-0 host=kafka:29092 <connecting> [unspecified None]>: DNS lookup failed for kafka:29092 (0)
[2026-05-15T10:00:02.596+0000] {conn.py:951} ERROR - <BrokerConnection client_id=kafka-python-producer-1, node_id=bootstrap-0 host=kafka:29092 <connecting> [unspecified None]>: Closing connection. KafkaConnectionError: DNS failure
[2026-05-15T10:00:02.597+0000] {client_async.py:1051} WARNING - No node available during check_version; sleeping 0.32 secs
[2026-05-15T10:00:02.927+0000] {taskinstance.py:2698} ERROR - Task failed with exception
Traceback (most recent call last):
  File "/home/airflow/.local/lib/python3.8/site-packages/airflow/models/taskinstance.py", line 433, in _execute_task
    result = execute_callable(context=context, **execute_callable_kwargs)
  File "/home/airflow/.local/lib/python3.8/site-packages/airflow/operators/python.py", line 199, in execute
    return_value = self.execute_callable()
  File "/home/airflow/.local/lib/python3.8/site-packages/airflow/operators/python.py", line 216, in execute_callable
    return self.python_callable(*self.op_args, **self.op_kwargs)
  File "/opt/airflow/dags/hn_pipeline_dag.py", line 56, in run_ingestion
    producer = KafkaProducer(
  File "/home/airflow/.local/lib/python3.8/site-packages/kafka/producer/kafka.py", line 485, in __init__
    client = self.config['kafka_client'](
  File "/home/airflow/.local/lib/python3.8/site-packages/kafka/client_async.py", line 262, in __init__
    self.config['api_version'] = self.check_version()
  File "/home/airflow/.local/lib/python3.8/site-packages/kafka/client_async.py", line 1076, in check_version
    raise Errors.NoBrokersAvailable()
kafka.errors.NoBrokersAvailable: NoBrokersAvailable
[2026-05-15T10:00:02.955+0000] {taskinstance.py:1138} INFO - Marking task as UP_FOR_RETRY. dag_id=hn_pipeline, task_id=ingest_hn_to_kafka, execution_date=20260515T090000, start_date=20260515T100000, end_date=20260515T100002
[2026-05-15T10:00:02.970+0000] {standard_task_runner.py:107} ERROR - Failed to execute job 8 for task ingest_hn_to_kafka (NoBrokersAvailable; 583)
[2026-05-15T10:00:03.011+0000] {local_task_job_runner.py:234} INFO - Task exited with return code 1
[2026-05-15T10:00:03.027+0000] {taskinstance.py:3280} INFO - 0 downstream tasks scheduled from follow-on schedule check
