[2026-05-15T11:00:01.009+0000] {taskinstance.py:1956} INFO - Dependencies all met for dep_context=non-requeueable deps ti=<TaskInstance: hn_pipeline.ingest_hn_to_kafka scheduled__2026-05-15T10:00:00+00:00 [queued]>
[2026-05-15T11:00:01.012+0000] {taskinstance.py:1956} INFO - Dependencies all met for dep_context=requeueable deps ti=<TaskInstance: hn_pipeline.ingest_hn_to_kafka scheduled__2026-05-15T10:00:00+00:00 [queued]>
[2026-05-15T11:00:01.012+0000] {taskinstance.py:2170} INFO - Starting attempt 1 of 2
[2026-05-15T11:00:01.017+0000] {taskinstance.py:2191} INFO - Executing <Task(PythonOperator): ingest_hn_to_kafka> on 2026-05-15 10:00:00+00:00
[2026-05-15T11:00:01.020+0000] {standard_task_runner.py:60} INFO - Started process 1099 to run task
[2026-05-15T11:00:01.022+0000] {standard_task_runner.py:87} INFO - Running: ['***', 'tasks', 'run', 'hn_pipeline', 'ingest_hn_to_kafka', 'scheduled__2026-05-15T10:00:00+00:00', '--job-id', '10', '--raw', '--subdir', 'DAGS_FOLDER/hn_pipeline_dag.py', '--cfg-path', '/tmp/tmp0hvg45l_']
[2026-05-15T11:00:01.023+0000] {standard_task_runner.py:88} INFO - Job 10: Subtask ingest_hn_to_kafka
[2026-05-15T11:00:01.047+0000] {task_command.py:423} INFO - Running <TaskInstance: hn_pipeline.ingest_hn_to_kafka scheduled__2026-05-15T10:00:00+00:00 [running]> on host d00d39f74813
[2026-05-15T11:00:01.082+0000] {taskinstance.py:2480} INFO - Exporting env vars: AIRFLOW_CTX_DAG_OWNER='rajwinder' AIRFLOW_CTX_DAG_ID='hn_pipeline' AIRFLOW_CTX_TASK_ID='ingest_hn_to_kafka' AIRFLOW_CTX_EXECUTION_DATE='2026-05-15T10:00:00+00:00' AIRFLOW_CTX_TRY_NUMBER='1' AIRFLOW_CTX_DAG_RUN_ID='scheduled__2026-05-15T10:00:00+00:00'
[2026-05-15T11:00:01.176+0000] {conn.py:1530} WARNING - DNS lookup failed for kafka:29092, exception was [Errno -2] Name or service not known. Is your advertised.listeners (called advertised.host.name before Kafka 9) correct and resolvable?
[2026-05-15T11:00:01.176+0000] {conn.py:323} ERROR - <BrokerConnection client_id=kafka-python-producer-1, node_id=bootstrap-0 host=kafka:29092 <connecting> [unspecified None]>: DNS lookup failed for kafka:29092 (0)
[2026-05-15T11:00:01.176+0000] {conn.py:951} ERROR - <BrokerConnection client_id=kafka-python-producer-1, node_id=bootstrap-0 host=kafka:29092 <connecting> [unspecified None]>: Closing connection. KafkaConnectionError: DNS failure
[2026-05-15T11:00:01.176+0000] {client_async.py:1051} WARNING - No node available during check_version; sleeping 0.05 secs
[2026-05-15T11:00:01.229+0000] {conn.py:1530} WARNING - DNS lookup failed for kafka:29092, exception was [Errno -2] Name or service not known. Is your advertised.listeners (called advertised.host.name before Kafka 9) correct and resolvable?
[2026-05-15T11:00:01.230+0000] {conn.py:323} ERROR - <BrokerConnection client_id=kafka-python-producer-1, node_id=bootstrap-0 host=kafka:29092 <connecting> [unspecified None]>: DNS lookup failed for kafka:29092 (0)
[2026-05-15T11:00:01.230+0000] {conn.py:951} ERROR - <BrokerConnection client_id=kafka-python-producer-1, node_id=bootstrap-0 host=kafka:29092 <connecting> [unspecified None]>: Closing connection. KafkaConnectionError: DNS failure
[2026-05-15T11:00:01.230+0000] {client_async.py:1051} WARNING - No node available during check_version; sleeping 0.11 secs
[2026-05-15T11:00:01.347+0000] {conn.py:1530} WARNING - DNS lookup failed for kafka:29092, exception was [Errno -2] Name or service not known. Is your advertised.listeners (called advertised.host.name before Kafka 9) correct and resolvable?
[2026-05-15T11:00:01.347+0000] {conn.py:323} ERROR - <BrokerConnection client_id=kafka-python-producer-1, node_id=bootstrap-0 host=kafka:29092 <connecting> [unspecified None]>: DNS lookup failed for kafka:29092 (0)
[2026-05-15T11:00:01.348+0000] {conn.py:951} ERROR - <BrokerConnection client_id=kafka-python-producer-1, node_id=bootstrap-0 host=kafka:29092 <connecting> [unspecified None]>: Closing connection. KafkaConnectionError: DNS failure
[2026-05-15T11:00:01.348+0000] {client_async.py:1051} WARNING - No node available during check_version; sleeping 0.20 secs
[2026-05-15T11:00:01.556+0000] {conn.py:1530} WARNING - DNS lookup failed for kafka:29092, exception was [Errno -2] Name or service not known. Is your advertised.listeners (called advertised.host.name before Kafka 9) correct and resolvable?
[2026-05-15T11:00:01.557+0000] {conn.py:323} ERROR - <BrokerConnection client_id=kafka-python-producer-1, node_id=bootstrap-0 host=kafka:29092 <connecting> [unspecified None]>: DNS lookup failed for kafka:29092 (0)
[2026-05-15T11:00:01.558+0000] {conn.py:951} ERROR - <BrokerConnection client_id=kafka-python-producer-1, node_id=bootstrap-0 host=kafka:29092 <connecting> [unspecified None]>: Closing connection. KafkaConnectionError: DNS failure
[2026-05-15T11:00:01.559+0000] {client_async.py:1051} WARNING - No node available during check_version; sleeping 0.33 secs
[2026-05-15T11:00:01.893+0000] {conn.py:1530} WARNING - DNS lookup failed for kafka:29092, exception was [Errno -2] Name or service not known. Is your advertised.listeners (called advertised.host.name before Kafka 9) correct and resolvable?
[2026-05-15T11:00:01.894+0000] {conn.py:323} ERROR - <BrokerConnection client_id=kafka-python-producer-1, node_id=bootstrap-0 host=kafka:29092 <connecting> [unspecified None]>: DNS lookup failed for kafka:29092 (0)
[2026-05-15T11:00:01.895+0000] {conn.py:951} ERROR - <BrokerConnection client_id=kafka-python-producer-1, node_id=bootstrap-0 host=kafka:29092 <connecting> [unspecified None]>: Closing connection. KafkaConnectionError: DNS failure
[2026-05-15T11:00:01.896+0000] {client_async.py:1051} WARNING - No node available during check_version; sleeping 0.82 secs
[2026-05-15T11:00:02.725+0000] {conn.py:1530} WARNING - DNS lookup failed for kafka:29092, exception was [Errno -2] Name or service not known. Is your advertised.listeners (called advertised.host.name before Kafka 9) correct and resolvable?
[2026-05-15T11:00:02.727+0000] {conn.py:323} ERROR - <BrokerConnection client_id=kafka-python-producer-1, node_id=bootstrap-0 host=kafka:29092 <connecting> [unspecified None]>: DNS lookup failed for kafka:29092 (0)
[2026-05-15T11:00:02.728+0000] {conn.py:951} ERROR - <BrokerConnection client_id=kafka-python-producer-1, node_id=bootstrap-0 host=kafka:29092 <connecting> [unspecified None]>: Closing connection. KafkaConnectionError: DNS failure
[2026-05-15T11:00:02.729+0000] {client_async.py:1051} WARNING - No node available during check_version; sleeping 0.44 secs
[2026-05-15T11:00:03.180+0000] {taskinstance.py:2698} ERROR - Task failed with exception
Traceback (most recent call last):
  File "/home/airflow/.local/lib/python3.8/site-packages/airflow/models/taskinstance.py", line 433, in _execute_task
    result = execute_callable(context=context, **execute_callable_kwargs)
  File "/home/airflow/.local/lib/python3.8/site-packages/airflow/operators/python.py", line 199, in execute
    return_value = self.execute_callable()
  File "/home/airflow/.local/lib/python3.8/site-packages/airflow/operators/python.py", line 216, in execute_callable
    return self.python_callable(*self.op_args, **self.op_kwargs)
  File "/opt/airflow/dags/hn_pipeline_dag.py", line 56, in run_ingestion
    producer = KafkaProducer(
  File "/home/airflow/.local/lib/python3.8/site-packages/kafka/producer/kafka.py", line 485, in __init__
    client = self.config['kafka_client'](
  File "/home/airflow/.local/lib/python3.8/site-packages/kafka/client_async.py", line 262, in __init__
    self.config['api_version'] = self.check_version()
  File "/home/airflow/.local/lib/python3.8/site-packages/kafka/client_async.py", line 1076, in check_version
    raise Errors.NoBrokersAvailable()
kafka.errors.NoBrokersAvailable: NoBrokersAvailable
[2026-05-15T11:00:03.190+0000] {taskinstance.py:1138} INFO - Marking task as UP_FOR_RETRY. dag_id=hn_pipeline, task_id=ingest_hn_to_kafka, execution_date=20260515T100000, start_date=20260515T110001, end_date=20260515T110003
[2026-05-15T11:00:03.197+0000] {standard_task_runner.py:107} ERROR - Failed to execute job 10 for task ingest_hn_to_kafka (NoBrokersAvailable; 1099)
[2026-05-15T11:00:03.220+0000] {local_task_job_runner.py:234} INFO - Task exited with return code 1
[2026-05-15T11:00:03.234+0000] {taskinstance.py:3280} INFO - 0 downstream tasks scheduled from follow-on schedule check
