[2026-05-15T07:47:03.185+0000] {taskinstance.py:1956} INFO - Dependencies all met for dep_context=non-requeueable deps ti=<TaskInstance: hn_pipeline.spark_clean_and_features scheduled__2026-05-15T06:00:00+00:00 [queued]>
[2026-05-15T07:47:03.215+0000] {taskinstance.py:1956} INFO - Dependencies all met for dep_context=requeueable deps ti=<TaskInstance: hn_pipeline.spark_clean_and_features scheduled__2026-05-15T06:00:00+00:00 [queued]>
[2026-05-15T07:47:03.218+0000] {taskinstance.py:2170} INFO - Starting attempt 2 of 2
[2026-05-15T07:47:03.242+0000] {taskinstance.py:2191} INFO - Executing <Task(PythonOperator): spark_clean_and_features> on 2026-05-15 06:00:00+00:00
[2026-05-15T07:47:03.258+0000] {standard_task_runner.py:60} INFO - Started process 3499 to run task
[2026-05-15T07:47:03.268+0000] {standard_task_runner.py:87} INFO - Running: ['***', 'tasks', 'run', 'hn_pipeline', 'spark_clean_and_features', 'scheduled__2026-05-15T06:00:00+00:00', '--job-id', '4', '--raw', '--subdir', 'DAGS_FOLDER/hn_pipeline_dag.py', '--cfg-path', '/tmp/tmptsv4d2u7']
[2026-05-15T07:47:03.279+0000] {standard_task_runner.py:88} INFO - Job 4: Subtask spark_clean_and_features
[2026-05-15T07:47:03.730+0000] {task_command.py:423} INFO - Running <TaskInstance: hn_pipeline.spark_clean_and_features scheduled__2026-05-15T06:00:00+00:00 [running]> on host c7e779015375
[2026-05-15T07:47:03.835+0000] {taskinstance.py:2480} INFO - Exporting env vars: AIRFLOW_CTX_DAG_OWNER='rajwinder' AIRFLOW_CTX_DAG_ID='hn_pipeline' AIRFLOW_CTX_TASK_ID='spark_clean_and_features' AIRFLOW_CTX_EXECUTION_DATE='2026-05-15T06:00:00+00:00' AIRFLOW_CTX_TRY_NUMBER='2' AIRFLOW_CTX_DAG_RUN_ID='scheduled__2026-05-15T06:00:00+00:00'
[2026-05-15T07:47:03.847+0000] {taskinstance.py:2698} ERROR - Task failed with exception
Traceback (most recent call last):
  File "/home/airflow/.local/lib/python3.8/site-packages/airflow/models/taskinstance.py", line 433, in _execute_task
    result = execute_callable(context=context, **execute_callable_kwargs)
  File "/home/airflow/.local/lib/python3.8/site-packages/airflow/operators/python.py", line 199, in execute
    return_value = self.execute_callable()
  File "/home/airflow/.local/lib/python3.8/site-packages/airflow/operators/python.py", line 216, in execute_callable
    return self.python_callable(*self.op_args, **self.op_kwargs)
  File "/opt/airflow/dags/hn_pipeline_dag.py", line 129, in run_spark_job
    result = subprocess.run(
  File "/usr/local/lib/python3.8/subprocess.py", line 493, in run
    with Popen(*popenargs, **kwargs) as process:
  File "/usr/local/lib/python3.8/subprocess.py", line 858, in __init__
    self._execute_child(args, executable, preexec_fn, close_fds,
  File "/usr/local/lib/python3.8/subprocess.py", line 1720, in _execute_child
    raise child_exception_type(errno_num, err_msg, err_filename)
FileNotFoundError: [Errno 2] No such file or directory: '/opt/venv/bin/python3'
[2026-05-15T07:47:03.868+0000] {taskinstance.py:1138} INFO - Marking task as FAILED. dag_id=hn_pipeline, task_id=spark_clean_and_features, execution_date=20260515T060000, start_date=20260515T074703, end_date=20260515T074703
[2026-05-15T07:47:03.877+0000] {standard_task_runner.py:107} ERROR - Failed to execute job 4 for task spark_clean_and_features ([Errno 2] No such file or directory: '/opt/venv/bin/python3'; 3499)
[2026-05-15T07:47:03.905+0000] {local_task_job_runner.py:234} INFO - Task exited with return code 1
[2026-05-15T07:47:03.928+0000] {taskinstance.py:3280} INFO - 0 downstream tasks scheduled from follow-on schedule check
