[2026-05-15T05:26:41.739+0000] {taskinstance.py:1956} INFO - Dependencies all met for dep_context=non-requeueable deps ti=<TaskInstance: hn_pipeline.spark_clean_and_features scheduled__2026-05-15T04:00:00+00:00 [queued]>
[2026-05-15T05:26:41.743+0000] {taskinstance.py:1956} INFO - Dependencies all met for dep_context=requeueable deps ti=<TaskInstance: hn_pipeline.spark_clean_and_features scheduled__2026-05-15T04:00:00+00:00 [queued]>
[2026-05-15T05:26:41.743+0000] {taskinstance.py:2170} INFO - Starting attempt 2 of 2
[2026-05-15T05:26:41.749+0000] {taskinstance.py:2191} INFO - Executing <Task(BashOperator): spark_clean_and_features> on 2026-05-15 04:00:00+00:00
[2026-05-15T05:26:41.752+0000] {standard_task_runner.py:60} INFO - Started process 296 to run task
[2026-05-15T05:26:41.756+0000] {standard_task_runner.py:87} INFO - Running: ['***', 'tasks', 'run', 'hn_pipeline', 'spark_clean_and_features', 'scheduled__2026-05-15T04:00:00+00:00', '--job-id', '6', '--raw', '--subdir', 'DAGS_FOLDER/hn_pipeline_dag.py', '--cfg-path', '/tmp/tmpawfo4gr6']
[2026-05-15T05:26:41.757+0000] {standard_task_runner.py:88} INFO - Job 6: Subtask spark_clean_and_features
[2026-05-15T05:26:41.789+0000] {task_command.py:423} INFO - Running <TaskInstance: hn_pipeline.spark_clean_and_features scheduled__2026-05-15T04:00:00+00:00 [running]> on host c6bb54e14902
[2026-05-15T05:26:41.825+0000] {taskinstance.py:2480} INFO - Exporting env vars: AIRFLOW_CTX_DAG_OWNER='rajwinder' AIRFLOW_CTX_DAG_ID='hn_pipeline' AIRFLOW_CTX_TASK_ID='spark_clean_and_features' AIRFLOW_CTX_EXECUTION_DATE='2026-05-15T04:00:00+00:00' AIRFLOW_CTX_TRY_NUMBER='2' AIRFLOW_CTX_DAG_RUN_ID='scheduled__2026-05-15T04:00:00+00:00'
[2026-05-15T05:26:41.827+0000] {subprocess.py:63} INFO - Tmp dir root location: /tmp
[2026-05-15T05:26:41.827+0000] {subprocess.py:75} INFO - Running command: ['/usr/bin/bash', '-c', '\n            cd /opt/*** &&             python3 spark_jobs/clean_and_feature_engineer.py\n        ']
[2026-05-15T05:26:41.832+0000] {subprocess.py:86} INFO - Output:
[2026-05-15T05:26:41.854+0000] {subprocess.py:93} INFO - Traceback (most recent call last):
[2026-05-15T05:26:41.856+0000] {subprocess.py:93} INFO -   File "spark_jobs/clean_and_feature_engineer.py", line 4, in <module>
[2026-05-15T05:26:41.856+0000] {subprocess.py:93} INFO -     from pyspark.sql import SparkSession
[2026-05-15T05:26:41.856+0000] {subprocess.py:93} INFO - ModuleNotFoundError: No module named 'pyspark'
[2026-05-15T05:26:41.856+0000] {subprocess.py:97} INFO - Command exited with return code 1
[2026-05-15T05:26:41.865+0000] {taskinstance.py:2698} ERROR - Task failed with exception
Traceback (most recent call last):
  File "/home/airflow/.local/lib/python3.8/site-packages/airflow/models/taskinstance.py", line 433, in _execute_task
    result = execute_callable(context=context, **execute_callable_kwargs)
  File "/home/airflow/.local/lib/python3.8/site-packages/airflow/operators/bash.py", line 212, in execute
    raise AirflowException(
airflow.exceptions.AirflowException: Bash command failed. The command returned a non-zero exit code 1.
[2026-05-15T05:26:41.868+0000] {taskinstance.py:1138} INFO - Marking task as FAILED. dag_id=hn_pipeline, task_id=spark_clean_and_features, execution_date=20260515T040000, start_date=20260515T052641, end_date=20260515T052641
[2026-05-15T05:26:41.877+0000] {standard_task_runner.py:107} ERROR - Failed to execute job 6 for task spark_clean_and_features (Bash command failed. The command returned a non-zero exit code 1.; 296)
[2026-05-15T05:26:41.888+0000] {local_task_job_runner.py:234} INFO - Task exited with return code 1
[2026-05-15T05:26:41.900+0000] {taskinstance.py:3280} INFO - 0 downstream tasks scheduled from follow-on schedule check
[2026-05-15T05:47:53.988+0000] {taskinstance.py:1956} INFO - Dependencies all met for dep_context=non-requeueable deps ti=<TaskInstance: hn_pipeline.spark_clean_and_features scheduled__2026-05-15T04:00:00+00:00 [queued]>
[2026-05-15T05:47:53.992+0000] {taskinstance.py:1956} INFO - Dependencies all met for dep_context=requeueable deps ti=<TaskInstance: hn_pipeline.spark_clean_and_features scheduled__2026-05-15T04:00:00+00:00 [queued]>
[2026-05-15T05:47:53.992+0000] {taskinstance.py:2170} INFO - Starting attempt 2 of 2
[2026-05-15T05:47:53.997+0000] {taskinstance.py:2191} INFO - Executing <Task(PythonOperator): spark_clean_and_features> on 2026-05-15 04:00:00+00:00
[2026-05-15T05:47:53.999+0000] {standard_task_runner.py:60} INFO - Started process 306 to run task
[2026-05-15T05:47:54.000+0000] {standard_task_runner.py:87} INFO - Running: ['***', 'tasks', 'run', 'hn_pipeline', 'spark_clean_and_features', 'scheduled__2026-05-15T04:00:00+00:00', '--job-id', '6', '--raw', '--subdir', 'DAGS_FOLDER/hn_pipeline_dag.py', '--cfg-path', '/tmp/tmpukiiyfq0']
[2026-05-15T05:47:54.002+0000] {standard_task_runner.py:88} INFO - Job 6: Subtask spark_clean_and_features
[2026-05-15T05:47:54.026+0000] {task_command.py:423} INFO - Running <TaskInstance: hn_pipeline.spark_clean_and_features scheduled__2026-05-15T04:00:00+00:00 [running]> on host b2a1a841707d
[2026-05-15T05:47:54.058+0000] {taskinstance.py:2480} INFO - Exporting env vars: AIRFLOW_CTX_DAG_OWNER='rajwinder' AIRFLOW_CTX_DAG_ID='hn_pipeline' AIRFLOW_CTX_TASK_ID='spark_clean_and_features' AIRFLOW_CTX_EXECUTION_DATE='2026-05-15T04:00:00+00:00' AIRFLOW_CTX_TRY_NUMBER='2' AIRFLOW_CTX_DAG_RUN_ID='scheduled__2026-05-15T04:00:00+00:00'
[2026-05-15T05:47:54.062+0000] {taskinstance.py:2698} ERROR - Task failed with exception
Traceback (most recent call last):
  File "/home/airflow/.local/lib/python3.8/site-packages/airflow/models/taskinstance.py", line 433, in _execute_task
    result = execute_callable(context=context, **execute_callable_kwargs)
  File "/home/airflow/.local/lib/python3.8/site-packages/airflow/operators/python.py", line 199, in execute
    return_value = self.execute_callable()
  File "/home/airflow/.local/lib/python3.8/site-packages/airflow/operators/python.py", line 216, in execute_callable
    return self.python_callable(*self.op_args, **self.op_kwargs)
  File "/opt/airflow/dags/hn_pipeline_dag.py", line 129, in run_spark_job
    result = subprocess.run(
  File "/usr/local/lib/python3.8/subprocess.py", line 493, in run
    with Popen(*popenargs, **kwargs) as process:
  File "/usr/local/lib/python3.8/subprocess.py", line 858, in __init__
    self._execute_child(args, executable, preexec_fn, close_fds,
  File "/usr/local/lib/python3.8/subprocess.py", line 1720, in _execute_child
    raise child_exception_type(errno_num, err_msg, err_filename)
FileNotFoundError: [Errno 2] No such file or directory: '/Users/rajwinder/Documents/pipeline/venv/bin/python3'
[2026-05-15T05:47:54.067+0000] {taskinstance.py:1138} INFO - Marking task as FAILED. dag_id=hn_pipeline, task_id=spark_clean_and_features, execution_date=20260515T040000, start_date=20260515T054753, end_date=20260515T054754
[2026-05-15T05:47:54.072+0000] {standard_task_runner.py:107} ERROR - Failed to execute job 6 for task spark_clean_and_features ([Errno 2] No such file or directory: '/Users/rajwinder/Documents/pipeline/venv/bin/python3'; 306)
[2026-05-15T05:47:54.094+0000] {local_task_job_runner.py:234} INFO - Task exited with return code 1
[2026-05-15T05:47:54.105+0000] {taskinstance.py:3280} INFO - 0 downstream tasks scheduled from follow-on schedule check
