[2026-05-15T08:07:00.871+0000] {taskinstance.py:1956} INFO - Dependencies all met for dep_context=non-requeueable deps ti=<TaskInstance: hn_pipeline.ingest_hn_to_kafka scheduled__2026-05-15T07:00:00+00:00 [queued]>
[2026-05-15T08:07:00.875+0000] {taskinstance.py:1956} INFO - Dependencies all met for dep_context=requeueable deps ti=<TaskInstance: hn_pipeline.ingest_hn_to_kafka scheduled__2026-05-15T07:00:00+00:00 [queued]>
[2026-05-15T08:07:00.875+0000] {taskinstance.py:2170} INFO - Starting attempt 2 of 2
[2026-05-15T08:07:00.880+0000] {taskinstance.py:2191} INFO - Executing <Task(PythonOperator): ingest_hn_to_kafka> on 2026-05-15 07:00:00+00:00
[2026-05-15T08:07:00.883+0000] {standard_task_runner.py:60} INFO - Started process 3580 to run task
[2026-05-15T08:07:00.885+0000] {standard_task_runner.py:87} INFO - Running: ['***', 'tasks', 'run', 'hn_pipeline', 'ingest_hn_to_kafka', 'scheduled__2026-05-15T07:00:00+00:00', '--job-id', '6', '--raw', '--subdir', 'DAGS_FOLDER/hn_pipeline_dag.py', '--cfg-path', '/tmp/tmpmvn9tm44']
[2026-05-15T08:07:00.886+0000] {standard_task_runner.py:88} INFO - Job 6: Subtask ingest_hn_to_kafka
[2026-05-15T08:07:00.910+0000] {task_command.py:423} INFO - Running <TaskInstance: hn_pipeline.ingest_hn_to_kafka scheduled__2026-05-15T07:00:00+00:00 [running]> on host c7e779015375
[2026-05-15T08:07:00.944+0000] {taskinstance.py:2480} INFO - Exporting env vars: AIRFLOW_CTX_DAG_OWNER='rajwinder' AIRFLOW_CTX_DAG_ID='hn_pipeline' AIRFLOW_CTX_TASK_ID='ingest_hn_to_kafka' AIRFLOW_CTX_EXECUTION_DATE='2026-05-15T07:00:00+00:00' AIRFLOW_CTX_TRY_NUMBER='2' AIRFLOW_CTX_DAG_RUN_ID='scheduled__2026-05-15T07:00:00+00:00'
[2026-05-15T08:07:01.009+0000] {conn.py:1530} WARNING - DNS lookup failed for kafka:29092, exception was [Errno -2] Name or service not known. Is your advertised.listeners (called advertised.host.name before Kafka 9) correct and resolvable?
[2026-05-15T08:07:01.009+0000] {conn.py:323} ERROR - <BrokerConnection client_id=kafka-python-producer-1, node_id=bootstrap-0 host=kafka:29092 <connecting> [unspecified None]>: DNS lookup failed for kafka:29092 (0)
[2026-05-15T08:07:01.010+0000] {conn.py:951} ERROR - <BrokerConnection client_id=kafka-python-producer-1, node_id=bootstrap-0 host=kafka:29092 <connecting> [unspecified None]>: Closing connection. KafkaConnectionError: DNS failure
[2026-05-15T08:07:01.010+0000] {client_async.py:1051} WARNING - No node available during check_version; sleeping 0.05 secs
[2026-05-15T08:07:01.063+0000] {conn.py:1530} WARNING - DNS lookup failed for kafka:29092, exception was [Errno -2] Name or service not known. Is your advertised.listeners (called advertised.host.name before Kafka 9) correct and resolvable?
[2026-05-15T08:07:01.063+0000] {conn.py:323} ERROR - <BrokerConnection client_id=kafka-python-producer-1, node_id=bootstrap-0 host=kafka:29092 <connecting> [unspecified None]>: DNS lookup failed for kafka:29092 (0)
[2026-05-15T08:07:01.063+0000] {conn.py:951} ERROR - <BrokerConnection client_id=kafka-python-producer-1, node_id=bootstrap-0 host=kafka:29092 <connecting> [unspecified None]>: Closing connection. KafkaConnectionError: DNS failure
[2026-05-15T08:07:01.063+0000] {client_async.py:1051} WARNING - No node available during check_version; sleeping 0.10 secs
[2026-05-15T08:07:01.170+0000] {conn.py:1530} WARNING - DNS lookup failed for kafka:29092, exception was [Errno -2] Name or service not known. Is your advertised.listeners (called advertised.host.name before Kafka 9) correct and resolvable?
[2026-05-15T08:07:01.170+0000] {conn.py:323} ERROR - <BrokerConnection client_id=kafka-python-producer-1, node_id=bootstrap-0 host=kafka:29092 <connecting> [unspecified None]>: DNS lookup failed for kafka:29092 (0)
[2026-05-15T08:07:01.170+0000] {conn.py:951} ERROR - <BrokerConnection client_id=kafka-python-producer-1, node_id=bootstrap-0 host=kafka:29092 <connecting> [unspecified None]>: Closing connection. KafkaConnectionError: DNS failure
[2026-05-15T08:07:01.171+0000] {client_async.py:1051} WARNING - No node available during check_version; sleeping 0.23 secs
[2026-05-15T08:07:01.401+0000] {conn.py:1530} WARNING - DNS lookup failed for kafka:29092, exception was [Errno -2] Name or service not known. Is your advertised.listeners (called advertised.host.name before Kafka 9) correct and resolvable?
[2026-05-15T08:07:01.402+0000] {conn.py:323} ERROR - <BrokerConnection client_id=kafka-python-producer-1, node_id=bootstrap-0 host=kafka:29092 <connecting> [unspecified None]>: DNS lookup failed for kafka:29092 (0)
[2026-05-15T08:07:01.402+0000] {conn.py:951} ERROR - <BrokerConnection client_id=kafka-python-producer-1, node_id=bootstrap-0 host=kafka:29092 <connecting> [unspecified None]>: Closing connection. KafkaConnectionError: DNS failure
[2026-05-15T08:07:01.403+0000] {client_async.py:1051} WARNING - No node available during check_version; sleeping 0.38 secs
[2026-05-15T08:07:01.789+0000] {conn.py:1530} WARNING - DNS lookup failed for kafka:29092, exception was [Errno -2] Name or service not known. Is your advertised.listeners (called advertised.host.name before Kafka 9) correct and resolvable?
[2026-05-15T08:07:01.790+0000] {conn.py:323} ERROR - <BrokerConnection client_id=kafka-python-producer-1, node_id=bootstrap-0 host=kafka:29092 <connecting> [unspecified None]>: DNS lookup failed for kafka:29092 (0)
[2026-05-15T08:07:01.790+0000] {conn.py:951} ERROR - <BrokerConnection client_id=kafka-python-producer-1, node_id=bootstrap-0 host=kafka:29092 <connecting> [unspecified None]>: Closing connection. KafkaConnectionError: DNS failure
[2026-05-15T08:07:01.791+0000] {client_async.py:1051} WARNING - No node available during check_version; sleeping 0.90 secs
[2026-05-15T08:07:02.700+0000] {conn.py:1530} WARNING - DNS lookup failed for kafka:29092, exception was [Errno -2] Name or service not known. Is your advertised.listeners (called advertised.host.name before Kafka 9) correct and resolvable?
[2026-05-15T08:07:02.701+0000] {conn.py:323} ERROR - <BrokerConnection client_id=kafka-python-producer-1, node_id=bootstrap-0 host=kafka:29092 <connecting> [unspecified None]>: DNS lookup failed for kafka:29092 (0)
[2026-05-15T08:07:02.701+0000] {conn.py:951} ERROR - <BrokerConnection client_id=kafka-python-producer-1, node_id=bootstrap-0 host=kafka:29092 <connecting> [unspecified None]>: Closing connection. KafkaConnectionError: DNS failure
[2026-05-15T08:07:02.702+0000] {client_async.py:1051} WARNING - No node available during check_version; sleeping 0.31 secs
[2026-05-15T08:07:03.010+0000] {taskinstance.py:2698} ERROR - Task failed with exception
Traceback (most recent call last):
  File "/home/airflow/.local/lib/python3.8/site-packages/airflow/models/taskinstance.py", line 433, in _execute_task
    result = execute_callable(context=context, **execute_callable_kwargs)
  File "/home/airflow/.local/lib/python3.8/site-packages/airflow/operators/python.py", line 199, in execute
    return_value = self.execute_callable()
  File "/home/airflow/.local/lib/python3.8/site-packages/airflow/operators/python.py", line 216, in execute_callable
    return self.python_callable(*self.op_args, **self.op_kwargs)
  File "/opt/airflow/dags/hn_pipeline_dag.py", line 56, in run_ingestion
    producer = KafkaProducer(
  File "/home/airflow/.local/lib/python3.8/site-packages/kafka/producer/kafka.py", line 485, in __init__
    client = self.config['kafka_client'](
  File "/home/airflow/.local/lib/python3.8/site-packages/kafka/client_async.py", line 262, in __init__
    self.config['api_version'] = self.check_version()
  File "/home/airflow/.local/lib/python3.8/site-packages/kafka/client_async.py", line 1076, in check_version
    raise Errors.NoBrokersAvailable()
kafka.errors.NoBrokersAvailable: NoBrokersAvailable
[2026-05-15T08:07:03.032+0000] {taskinstance.py:1138} INFO - Marking task as FAILED. dag_id=hn_pipeline, task_id=ingest_hn_to_kafka, execution_date=20260515T070000, start_date=20260515T080700, end_date=20260515T080703
[2026-05-15T08:07:03.046+0000] {standard_task_runner.py:107} ERROR - Failed to execute job 6 for task ingest_hn_to_kafka (NoBrokersAvailable; 3580)
[2026-05-15T08:07:03.082+0000] {local_task_job_runner.py:234} INFO - Task exited with return code 1
[2026-05-15T08:07:03.097+0000] {taskinstance.py:3280} INFO - 0 downstream tasks scheduled from follow-on schedule check
